C:/Users/Utente/Desktop/UNIVERSITA/PROG.LOGICA/VASOINTELLIGENTE/LoRaWAN_End_Node/LoRaWAN/App/lora_app.c:800:13:OnSysTimeUpdate	0	static
C:/Users/Utente/Desktop/UNIVERSITA/PROG.LOGICA/VASOINTELLIGENTE/LoRaWAN_End_Node/LoRaWAN/App/lora_app.c:848:13:OnTxFrameCtrlChanged	0	static
C:/Users/Utente/Desktop/UNIVERSITA/PROG.LOGICA/VASOINTELLIGENTE/LoRaWAN_End_Node/LoRaWAN/App/lora_app.c:859:13:OnPingSlotPeriodicityChanged	0	static
C:/Users/Utente/Desktop/UNIVERSITA/PROG.LOGICA/VASOINTELLIGENTE/LoRaWAN_End_Node/LoRaWAN/App/lora_app.c:765:13:OnBeaconStatusChange	72	static
C:/Users/Utente/Desktop/UNIVERSITA/PROG.LOGICA/VASOINTELLIGENTE/LoRaWAN_End_Node/LoRaWAN/App/lora_app.c:807:13:OnClassChange	16	static
C:/Users/Utente/Desktop/UNIVERSITA/PROG.LOGICA/VASOINTELLIGENTE/LoRaWAN_End_Node/LoRaWAN/App/lora_app.c:959:13:OnNvmDataChange	8	static
C:/Users/Utente/Desktop/UNIVERSITA/PROG.LOGICA/VASOINTELLIGENTE/LoRaWAN_End_Node/LoRaWAN/App/lora_app.c:674:13:OnTxTimerEvent	8	static
C:/Users/Utente/Desktop/UNIVERSITA/PROG.LOGICA/VASOINTELLIGENTE/LoRaWAN_End_Node/LoRaWAN/App/lora_app.c:814:13:OnMacProcessNotify	8	static
C:/Users/Utente/Desktop/UNIVERSITA/PROG.LOGICA/VASOINTELLIGENTE/LoRaWAN_End_Node/LoRaWAN/App/lora_app.c:870:13:OnSystemReset	8	static,ignoring_inline_asm
C:/Users/Utente/Desktop/UNIVERSITA/PROG.LOGICA/VASOINTELLIGENTE/LoRaWAN_End_Node/LoRaWAN/App/lora_app.c:826:13:OnTxPeriodicityChanged	8	static
C:/Users/Utente/Desktop/UNIVERSITA/PROG.LOGICA/VASOINTELLIGENTE/LoRaWAN_End_Node/LoRaWAN/App/lora_app.c:706:13:OnTxData	24	static
C:/Users/Utente/Desktop/UNIVERSITA/PROG.LOGICA/VASOINTELLIGENTE/LoRaWAN_End_Node/LoRaWAN/App/lora_app.c:735:13:OnJoinRequest	16	static
C:/Users/Utente/Desktop/UNIVERSITA/PROG.LOGICA/VASOINTELLIGENTE/LoRaWAN_End_Node/LoRaWAN/App/lora_app.c:921:13:OnStopJoinTimerEvent	8	static
C:/Users/Utente/Desktop/UNIVERSITA/PROG.LOGICA/VASOINTELLIGENTE/LoRaWAN_End_Node/LoRaWAN/App/lora_app.c:694:13:OnRxTimerLedEvent	8	static
C:/Users/Utente/Desktop/UNIVERSITA/PROG.LOGICA/VASOINTELLIGENTE/LoRaWAN_End_Node/LoRaWAN/App/lora_app.c:689:13:OnTxTimerLedEvent	8	static
C:/Users/Utente/Desktop/UNIVERSITA/PROG.LOGICA/VASOINTELLIGENTE/LoRaWAN_End_Node/LoRaWAN/App/lora_app.c:472:13:OnRxData	40	static
C:/Users/Utente/Desktop/UNIVERSITA/PROG.LOGICA/VASOINTELLIGENTE/LoRaWAN_End_Node/LoRaWAN/App/lora_app.c:977:13:OnStoreContextRequest	16	static
C:/Users/Utente/Desktop/UNIVERSITA/PROG.LOGICA/VASOINTELLIGENTE/LoRaWAN_End_Node/LoRaWAN/App/lora_app.c:992:13:OnRestoreContextRequest	8	static
C:/Users/Utente/Desktop/UNIVERSITA/PROG.LOGICA/VASOINTELLIGENTE/LoRaWAN_End_Node/LoRaWAN/App/lora_app.c:884:13:StopJoin	16	static
C:/Users/Utente/Desktop/UNIVERSITA/PROG.LOGICA/VASOINTELLIGENTE/LoRaWAN_End_Node/LoRaWAN/App/lora_app.c:937:13:StoreContext	8	static
C:/Users/Utente/Desktop/UNIVERSITA/PROG.LOGICA/VASOINTELLIGENTE/LoRaWAN_End_Node/LoRaWAN/App/lora_app.c:552:13:SendTxData	64	static
C:/Users/Utente/Desktop/UNIVERSITA/PROG.LOGICA/VASOINTELLIGENTE/LoRaWAN_End_Node/LoRaWAN/App/lora_app.c:699:13:OnJoinTimerLedEvent	8	static
C:/Users/Utente/Desktop/UNIVERSITA/PROG.LOGICA/VASOINTELLIGENTE/LoRaWAN_End_Node/LoRaWAN/App/lora_app.c:348:6:LoRaWAN_Init	48	static
C:/Users/Utente/Desktop/UNIVERSITA/PROG.LOGICA/VASOINTELLIGENTE/LoRaWAN_End_Node/LoRaWAN/App/lora_app.c:443:6:HAL_GPIO_EXTI_Callback	8	static
